thread 'main' panicked at library/alloc/src/raw_vec.rs:538:5:
capacity overflow
note: run with `RUST_BACKTRACE=1` environment variable to display a backtrace
